Duplicated file found; will not be sent for synthesis: d:/Prager/KC705_DDS/Mixed/k7dsp_dds_mig/k7dsp_dds_mig.srcs/sources_1/ip/ila/labtools_general_components_lib_v2_0/hdl/verilog/cs_ver_inc.v
Duplicated file found; will not be sent for synthesis: d:/Prager/KC705_DDS/Mixed/k7dsp_dds_mig/k7dsp_dds_mig.srcs/sources_1/ip/ila/labtools_general_components_lib_v2_0/hdl/verilog/cs_lib_function.v
Duplicated file found; will not be sent for synthesis: d:/Prager/KC705_DDS/Mixed/k7dsp_dds_mig/k7dsp_dds_mig.srcs/sources_1/ip/ila/labtools_general_components_lib_v2_0/hdl/verilog/cs_all_typeA.v
Duplicated file found; will not be sent for synthesis: d:/Prager/KC705_DDS/Mixed/k7dsp_dds_mig/k7dsp_dds_mig.srcs/sources_1/ip/ila/labtools_general_components_lib_v2_0/hdl/verilog/cs_all_typeA_slice.v
Duplicated file found; will not be sent for synthesis: d:/Prager/KC705_DDS/Mixed/k7dsp_dds_mig/k7dsp_dds_mig.srcs/sources_1/ip/ila/labtools_general_components_lib_v2_0/hdl/verilog/cs_allx_typeA.v
Duplicated file found; will not be sent for synthesis: d:/Prager/KC705_DDS/Mixed/k7dsp_dds_mig/k7dsp_dds_mig.srcs/sources_1/ip/ila/labtools_general_components_lib_v2_0/hdl/verilog/cs_allx_typeA_nodelay.v
Duplicated file found; will not be sent for synthesis: d:/Prager/KC705_DDS/Mixed/k7dsp_dds_mig/k7dsp_dds_mig.srcs/sources_1/ip/ila/labtools_general_components_lib_v2_0/hdl/verilog/cs_async_edge_transfer.v
Duplicated file found; will not be sent for synthesis: d:/Prager/KC705_DDS/Mixed/k7dsp_dds_mig/k7dsp_dds_mig.srcs/sources_1/ip/ila/labtools_general_components_lib_v2_0/hdl/verilog/cs_bscan.v
Duplicated file found; will not be sent for synthesis: d:/Prager/KC705_DDS/Mixed/k7dsp_dds_mig/k7dsp_dds_mig.srcs/sources_1/ip/ila/labtools_general_components_lib_v2_0/hdl/verilog/cs_bufr.v
Duplicated file found; will not be sent for synthesis: d:/Prager/KC705_DDS/Mixed/k7dsp_dds_mig/k7dsp_dds_mig.srcs/sources_1/ip/ila/labtools_general_components_lib_v2_0/hdl/verilog/cs_cfglut4.v
Duplicated file found; will not be sent for synthesis: d:/Prager/KC705_DDS/Mixed/k7dsp_dds_mig/k7dsp_dds_mig.srcs/sources_1/ip/ila/labtools_general_components_lib_v2_0/hdl/verilog/cs_cfglut5.v
Duplicated file found; will not be sent for synthesis: d:/Prager/KC705_DDS/Mixed/k7dsp_dds_mig/k7dsp_dds_mig.srcs/sources_1/ip/ila/labtools_general_components_lib_v2_0/hdl/verilog/cs_cfglut6.v
Duplicated file found; will not be sent for synthesis: d:/Prager/KC705_DDS/Mixed/k7dsp_dds_mig/k7dsp_dds_mig.srcs/sources_1/ip/ila/labtools_general_components_lib_v2_0/hdl/verilog/cs_cfglut7.v
Duplicated file found; will not be sent for synthesis: d:/Prager/KC705_DDS/Mixed/k7dsp_dds_mig/k7dsp_dds_mig.srcs/sources_1/ip/ila/labtools_general_components_lib_v2_0/hdl/verilog/cs_cfglut8.v
Duplicated file found; will not be sent for synthesis: d:/Prager/KC705_DDS/Mixed/k7dsp_dds_mig/k7dsp_dds_mig.srcs/sources_1/ip/ila/labtools_general_components_lib_v2_0/hdl/verilog/cs_generic_memory_read.v
Duplicated file found; will not be sent for synthesis: d:/Prager/KC705_DDS/Mixed/k7dsp_dds_mig/k7dsp_dds_mig.srcs/sources_1/ip/ila/labtools_general_components_lib_v2_0/hdl/verilog/cs_generic_mux.v
Duplicated file found; will not be sent for synthesis: d:/Prager/KC705_DDS/Mixed/k7dsp_dds_mig/k7dsp_dds_mig.srcs/sources_1/ip/ila/labtools_general_components_lib_v2_0/hdl/verilog/cs_match.v
Duplicated file found; will not be sent for synthesis: d:/Prager/KC705_DDS/Mixed/k7dsp_dds_mig/k7dsp_dds_mig.srcs/sources_1/ip/ila/labtools_general_components_lib_v2_0/hdl/verilog/cs_match_nodelay.v
Duplicated file found; will not be sent for synthesis: d:/Prager/KC705_DDS/Mixed/k7dsp_dds_mig/k7dsp_dds_mig.srcs/sources_1/ip/ila/labtools_general_components_lib_v2_0/hdl/verilog/cs_rising_edge_detection.v
Duplicated file found; will not be sent for synthesis: d:/Prager/KC705_DDS/Mixed/k7dsp_dds_mig/k7dsp_dds_mig.srcs/sources_1/ip/ila/labtools_general_components_lib_v2_0/hdl/verilog/cs_startup.v
Duplicated file found; will not be sent for synthesis: d:/Prager/KC705_DDS/Mixed/k7dsp_dds_mig/k7dsp_dds_mig.srcs/sources_1/ip/ila/labtools_general_components_lib_v2_0/hdl/verilog/cs_async_transfer.v
Duplicated file found; will not be sent for synthesis: d:/Prager/KC705_DDS/Mixed/k7dsp_dds_mig/k7dsp_dds_mig.srcs/sources_1/ip/ila/labtools_xsdb_slave_lib_v3_0/hdl/verilog/labtools_xsdb_slave_lib_v3_0_chipscope_icon2xsdb_mstrbr_ver_inc.v
Duplicated file found; will not be sent for synthesis: d:/Prager/KC705_DDS/Mixed/k7dsp_dds_mig/k7dsp_dds_mig.srcs/sources_1/ip/ila/labtools_xsdb_slave_lib_v3_0/hdl/verilog/labtools_xsdb_slave_lib_v3_0_cs_ver_inc.v
Duplicated file found; will not be sent for synthesis: d:/Prager/KC705_DDS/Mixed/k7dsp_dds_mig/k7dsp_dds_mig.srcs/sources_1/ip/ila/labtools_xsdb_slave_lib_v3_0/hdl/verilog/labtools_xsdb_slave_lib_v3_0_xsdb_register_stat.v
Duplicated file found; will not be sent for synthesis: d:/Prager/KC705_DDS/Mixed/k7dsp_dds_mig/k7dsp_dds_mig.srcs/sources_1/ip/ila/labtools_xsdb_slave_lib_v3_0/hdl/verilog/labtools_xsdb_slave_lib_v3_0_xsdb_register_p2s.v
Duplicated file found; will not be sent for synthesis: d:/Prager/KC705_DDS/Mixed/k7dsp_dds_mig/k7dsp_dds_mig.srcs/sources_1/ip/ila/labtools_xsdb_slave_lib_v3_0/hdl/verilog/labtools_xsdb_slave_lib_v3_0_xsdb_register.v
Duplicated file found; will not be sent for synthesis: d:/Prager/KC705_DDS/Mixed/k7dsp_dds_mig/k7dsp_dds_mig.srcs/sources_1/ip/ila/labtools_xsdb_slave_lib_v3_0/hdl/verilog/labtools_xsdb_slave_lib_v3_0_xsdb_register_ctl.v
Duplicated file found; will not be sent for synthesis: d:/Prager/KC705_DDS/Mixed/k7dsp_dds_mig/k7dsp_dds_mig.srcs/sources_1/ip/ila/labtools_xsdb_slave_lib_v3_0/hdl/verilog/labtools_xsdb_slave_lib_v3_0_xsdb_register_stream.v
Duplicated file found; will not be sent for synthesis: d:/Prager/KC705_DDS/Mixed/k7dsp_dds_mig/k7dsp_dds_mig.srcs/sources_1/ip/ila/labtools_xsdb_slave_lib_v3_0/hdl/verilog/labtools_xsdb_slave_lib_v3_0_xsdb_interface_buffers.v
Duplicated file found; will not be sent for synthesis: d:/Prager/KC705_DDS/Mixed/k7dsp_dds_mig/k7dsp_dds_mig.srcs/sources_1/ip/ila/labtools_xsdb_slave_lib_v3_0/hdl/verilog/labtools_xsdb_slave_lib_v3_0_chipscope_xsdb_slave.v
CRC performance measure: elapsed=00:00:04s;;memory_peak=3171.020MB;;memory_gain=0.000MB
